00:00 +0: loading /home/wendevlife/StudioProjects/angry_sigma/test/pixel_text_test.dart                                                                                                                00:01 +0: loading /home/wendevlife/StudioProjects/angry_sigma/test/pixel_text_test.dart                                                                                                                00:01 +0: PixelText glitch test                                                                                                                                                                        00:01 +0: PixelText glitch test                                                                                                                                                                        
FLUTTER ERROR: LateInitializationError: Field '_effectTimer@168043280' has not been initialized.
FLUTTER ERROR: Each child must be laid out exactly once.
The _ScaffoldLayout custom multichild layout delegate forgot to lay out the following child:
  _ScaffoldSlot.body: RenderErrorBox#8a5f8 NEEDS-LAYOUT NEEDS-PAINT
FLUTTER ERROR: 'package:flutter/src/rendering/object.dart': Failed assertion: line 5669 pos 14: '!childSemantics.renderObject._needsLayout': is not true.
FLUTTER ERROR: 'package:flutter/src/rendering/object.dart': Failed assertion: line 5439 pos 14: '!semantics.parentDataDirty': is not true.
FLUTTER ERROR: Expected: at least one matching candidate
  Actual: _TextWidgetFinder:<Found 0 widgets with text "GLITCH TEXT": []>
   Which: means none were found but some were expected

00:02 +0 -1: PixelText glitch test [E]                                                                                                                                                                 
  'package:flutter_test/src/binding.dart': Failed assertion: line 1018 pos 9: '_pendingExceptionDetails != null': A test overrode FlutterError.onError but either failed to return it to its original state, or had unexpected additional errors that it could not handle. Typically, this is caused by using expect() before restoring FlutterError.onError.
  dart:core                                           _AssertionError._throwNew
  package:flutter_test/src/binding.dart 1018:9        TestWidgetsFlutterBinding._runTest.handleUncaughtError
  package:flutter_test/src/binding.dart 1027:13       TestWidgetsFlutterBinding._runTest.<fn>
  ===== asynchronous gap ===========================
  dart:async                                          _CustomZone.registerBinaryCallback
  package:flutter_test/src/binding.dart 1048:5        TestWidgetsFlutterBinding._runTestBody
  dart:async                                          _CustomZone.runBinary
  package:flutter_test/src/binding.dart 1033:10       TestWidgetsFlutterBinding._runTest
  package:flutter_test/src/binding.dart 1564:24       AutomatedTestWidgetsFlutterBinding.runTest.<fn>
  package:fake_async/fake_async.dart 182:47           FakeAsync.run.<fn>.<fn>
  dart:async                                          runZoned
  package:clock/src/default.dart 52:10                withClock
  package:fake_async/fake_async.dart 182:15           FakeAsync.run.<fn>
  dart:async                                          runZoned
  package:fake_async/fake_async.dart 181:52           FakeAsync.run
  package:flutter_test/src/binding.dart 1561:15       AutomatedTestWidgetsFlutterBinding.runTest
  package:flutter_test/src/widget_tester.dart 184:24  testWidgets.<fn>
  

To run this test again: /home/wendevlife/development/flutter/bin/cache/dart-sdk/bin/dart test /home/wendevlife/StudioProjects/angry_sigma/test/pixel_text_test.dart -p vm --plain-name 'PixelText glitch test'
00:33 +0 -2: loading /home/wendevlife/StudioProjects/angry_sigma/test/pixel_text_test.dart [E]                                                                                                         
  Error: The Dart compiler exited unexpectedly.
  package:flutter_tools/src/base/common.dart 34:3  throwToolExit
  package:flutter_tools/src/compile.dart 910:11    DefaultResidentCompiler._compile.<fn>
  dart:async/zone.dart 1538:47                     _rootRunUnary
  dart:async/zone.dart 1429:19                     _CustomZone.runUnary
  dart:async/future_impl.dart 948:45               Future._propagateToListeners.handleValueCallback
  dart:async/future_impl.dart 977:13               Future._propagateToListeners
  dart:async/future_impl.dart 720:5                Future._completeWithValue
  dart:async/future_impl.dart 804:7                Future._asyncCompleteWithValue.<fn>
  dart:async/zone.dart 1525:13                     _rootRun
  dart:async/zone.dart 1422:19                     _CustomZone.run
  dart:async/zone.dart 1321:7                      _CustomZone.runGuarded
  dart:async/zone.dart 1362:23                     _CustomZone.bindCallbackGuarded.<fn>
  dart:async/schedule_microtask.dart 40:35         _microtaskLoop
  dart:async/schedule_microtask.dart 49:5          _startMicrotaskLoop
  dart:isolate-patch/isolate_patch.dart 127:13     _runPendingImmediateCallback
  dart:isolate-patch/isolate_patch.dart 194:5      _RawReceivePort._handleMessage
  
00:33 +0 -2: Some tests failed.                                                                                                                                                                        
